<html>
<body>
<pre>
<h1>µVision Build Log</h1>
<h2>Project:</h2>
F:\M0_TEST\COM_receive\RationUART.uvproj
Project File Date:  08/13/2013

<h2>Output:</h2>
Build target 'Target 1'
compiling main.c...
User\main.c(41): warning:  #223-D: function "get_dataCtrl" declared implicitly
                get_dataCtrl(evls);
User\main.c: 1 warning, 0 errors
linking...
Program Size: Code=1932 RO-data=224 RW-data=4 ZI-data=1148  
FromELF: creating hex file...
".\output\RationUART.axf" - 0 Error(s), 1 Warning(s).
ine of file ends without a newline
  }
User\ctrl.c: 1 warning, 0 errors
".\output\RationUART.axf" - 1 Error(s), 2 Warning(s).
Target not created
line
  #endif
User\event.c(21): warning:  #174-D: expression has no effect
          for(ev; ev!=events.tail; )
User\event.c: 3 warnings, 0 errors
compiling queue.c...
User\event.h(6): warning:  #1295-D: Deprecated declaration get_event - give arg types
  extern unsigned char get_event();
User\event.h(28): warning:  #1-D: last line of file ends without a newline
  #endif
User\queue.c: 2 warnings, 0 errors
linking...
Program Size: Code=1612 RO-data=224 RW-data=4 ZI-data=612  
FromELF: creating hex file...
".\RationUART.axf" - 0 Error(s), 7 Warning(s).
t];
User\queue.c: 2 warnings, 4 errors
".\RationUART.axf" - 4 Error(s), 5 Warning(s).
Target not created
int8_t" is undefined
      uint8_t tmp;
User\event.c: 2 warnings, 9 errors
compiling queue.c...
User\queue.c(1): error:  #5: cannot open source input file "main.h": No such file or directory
  #include "main.h"
User\queue.c: 0 warnings, 1 error
compiling uart.c...
".\RationUART.axf" - 10 Error(s), 2 Warning(s).
Target not created
