<html>
<body>
<pre>
<h1>µVision Build Log</h1>
<h2>Project:</h2>
F:\M0_TEST\COM_receive_LOwpower\RationUART.uvproj
Project File Date:  11/16/2015

<h2>Output:</h2>
Build target 'Target 1'
compiling main.c...
linking...
Program Size: Code=2480 RO-data=224 RW-data=8 ZI-data=1176  
FromELF: creating hex file...
".\output\RationUART.axf" - 0 Error(s), 0 Warning(s).
Load "F:\\M0_TEST\\COM_receive_LOwpower\\output\\RationUART.axf" 
Error: Flash Download failed  -  Target DLL has been cancelled
Load "F:\\M0_TEST\\COM_receive_LOwpower\\output\\RationUART.axf" 
Set JLink Project File to "F:\M0_TEST\COM_receive_LOwpower\JLinkSettings.ini"
* JLink Info: Device "LPC1114/302" selected (32 KB flash, 8 KB RAM).
 
JLink info:
------------
DLL: V4.80g, compiled Feb 13 2014 20:50:02
Firmware: J-Link ARM V8 compiled Jan 31 2018 18:34:52
Hardware: V8.00
S/N : 20080643 
Feature(s) : RDI,FlashDL,FlashBP,JFlash,GDBFull 
 
* JLink Info: Found SWD-DP with ID 0x0BB11477
* JLink Info: Found Cortex-M0 r0p0, Little endian.
* JLink Info: FPUnit: 4 code (BP) slots and 0 literal slots
ROMTableAddr = 0xE00FF003
 
Target info:
------------
Device: LPC1114/302
VTarget = 3.261V
State of Pins: 
TCK: 0, TDI: 0, TDO: 0, TMS: 0, TRES: 1, TRST: 1
Hardware-Breakpoints: 4
Software-Breakpoints: 8192
Watchpoints:          2
JTAG speed: 2000 kHz
 
Erase Done.
Programming Done.
Verify OK.
Application running ...
