<html>
<body>
<pre>
<h1>µVision Build Log</h1>
<h2>Project:</h2>
F:\mrproc\COM_receive_LOwpower\RationUART.uvproj
Project File Date:  12/09/2015

<h2>Output:</h2>
Build target 'Target 1'
compiling time.c...
linking...
Program Size: Code=2480 RO-data=224 RW-data=8 ZI-data=1176  
FromELF: creating hex file...
".\output\RationUART.axf" - 0 Error(s), 0 Warning(s).
</pre>
</body>
</html>

compiling queue.c...
compiling ctrl.c...
compiling led.c...
compiling uart.c...
linking...
Program Size: Code=2480 RO-data=224 RW-data=8 ZI-data=1176  
FromELF: creating hex file...
".\output\RationUART.axf" - 0 Error(s), 1 Warning(s).
